{
  "version": "1.5.0",
  "plugins_used": [
    {
      "name": "ArtifactoryDetector"
    },
    {
      "name": "AWSKeyDetector"
    },
    {
      "name": "AzureStorageKeyDetector"
    },
    {
      "name": "Base64HighEntropyString",
      "limit": 4.5
    },
    {
      "name": "BasicAuthDetector"
    },
    {
      "name": "CloudantDetector"
    },
    {
      "name": "DiscordBotTokenDetector"
    },
    {
      "name": "GitHubTokenDetector"
    },
    {
      "name": "GitLabTokenDetector"
    },
    {
      "name": "HexHighEntropyString",
      "limit": 3.0
    },
    {
      "name": "IbmCloudIamDetector"
    },
    {
      "name": "IbmCosHmacDetector"
    },
    {
      "name": "IPPublicDetector"
    },
    {
      "name": "JwtTokenDetector"
    },
    {
      "name": "KeywordDetector",
      "keyword_exclude": ""
    },
    {
      "name": "MailchimpDetector"
    },
    {
      "name": "NpmDetector"
    },
    {
      "name": "OpenAIDetector"
    },
    {
      "name": "PrivateKeyDetector"
    },
    {
      "name": "PypiTokenDetector"
    },
    {
      "name": "SendGridDetector"
    },
    {
      "name": "SlackDetector"
    },
    {
      "name": "SoftlayerDetector"
    },
    {
      "name": "SquareOAuthDetector"
    },
    {
      "name": "StripeDetector"
    },
    {
      "name": "TelegramBotTokenDetector"
    },
    {
      "name": "TwilioKeyDetector"
    }
  ],
  "filters_used": [
    {
      "path": "detect_secrets.filters.allowlist.is_line_allowlisted"
    },
    {
      "path": "detect_secrets.filters.common.is_baseline_file",
      "filename": ".secrets.baseline"
    },
    {
      "path": "detect_secrets.filters.common.is_ignored_due_to_verification_policies",
      "min_level": 2
    },
    {
      "path": "detect_secrets.filters.heuristic.is_indirect_reference"
    },
    {
      "path": "detect_secrets.filters.heuristic.is_likely_id_string"
    },
    {
      "path": "detect_secrets.filters.heuristic.is_lock_file"
    },
    {
      "path": "detect_secrets.filters.heuristic.is_not_alphanumeric_string"
    },
    {
      "path": "detect_secrets.filters.heuristic.is_potential_uuid"
    },
    {
      "path": "detect_secrets.filters.heuristic.is_prefixed_with_dollar_sign"
    },
    {
      "path": "detect_secrets.filters.heuristic.is_sequential_string"
    },
    {
      "path": "detect_secrets.filters.heuristic.is_swagger_file"
    },
    {
      "path": "detect_secrets.filters.heuristic.is_templated_secret"
    },
    {
      "path": "detect_secrets.filters.regex.should_exclude_file",
      "pattern": [
        ".*package-lock\\.json|.*pnpm-lock\\.yaml|.*\\.png|.*\\.jpg|.*\\.mp4|.*\\.wav"
      ]
    }
  ],
  "results": {
    ".github\\workflows\\ci.yml": [
      {
        "type": "Secret Keyword",
        "filename": ".github\\workflows\\ci.yml",
        "hashed_secret": "a94a8fe5ccb19ba61c4c0873d391e987982fbbd3",
        "is_verified": false,
        "line_number": 43
      },
      {
        "type": "Basic Auth Credentials",
        "filename": ".github\\workflows\\ci.yml",
        "hashed_secret": "a94a8fe5ccb19ba61c4c0873d391e987982fbbd3",
        "is_verified": false,
        "line_number": 54
      }
    ],
    "sur-backend\\.env.example": [
      {
        "type": "Basic Auth Credentials",
        "filename": "sur-backend\\.env.example",
        "hashed_secret": "3d54fd66df56b29b98f5b3fb74890e24318f663d",
        "is_verified": false,
        "line_number": 13
      }
    ],
    "sur-backend\\alembic.ini": [
      {
        "type": "Basic Auth Credentials",
        "filename": "sur-backend\\alembic.ini",
        "hashed_secret": "9d4e1e23bd5b727046a9e3b4b7db57bd8d6ee684",
        "is_verified": false,
        "line_number": 5
      }
    ],
    "sur-backend\\app\\config.py": [
      {
        "type": "Basic Auth Credentials",
        "filename": "sur-backend\\app\\config.py",
        "hashed_secret": "3d54fd66df56b29b98f5b3fb74890e24318f663d",
        "is_verified": false,
        "line_number": 52
      }
    ],
    "sur-backend\\app\\providers\\tts\\syspin_manifest.py": [
      {
        "type": "Hex High Entropy String",
        "filename": "sur-backend\\app\\providers\\tts\\syspin_manifest.py",
        "hashed_secret": "87e76f80fbd1763f4311bf8e9946d12dc62fb37e",
        "is_verified": false,
        "line_number": 31,
        "is_secret": false
      },
      {
        "type": "Hex High Entropy String",
        "filename": "sur-backend\\app\\providers\\tts\\syspin_manifest.py",
        "hashed_secret": "985446b9554f19bd7b73d052e2eaefae967d8ae7",
        "is_verified": false,
        "line_number": 42,
        "is_secret": false
      },
      {
        "type": "Hex High Entropy String",
        "filename": "sur-backend\\app\\providers\\tts\\syspin_manifest.py",
        "hashed_secret": "99ff09ea0229ae9d379ec73be190243e8d1dd521",
        "is_verified": false,
        "line_number": 44,
        "is_secret": false
      },
      {
        "type": "Hex High Entropy String",
        "filename": "sur-backend\\app\\providers\\tts\\syspin_manifest.py",
        "hashed_secret": "3ee7e21c2933bacac9a883f1ce59a8a7fe576b93",
        "is_verified": false,
        "line_number": 45,
        "is_secret": false
      },
      {
        "type": "Hex High Entropy String",
        "filename": "sur-backend\\app\\providers\\tts\\syspin_manifest.py",
        "hashed_secret": "3783d81dfe5a3f5f6bbc42709362fc9f86df31b2",
        "is_verified": false,
        "line_number": 50,
        "is_secret": false
      },
      {
        "type": "Hex High Entropy String",
        "filename": "sur-backend\\app\\providers\\tts\\syspin_manifest.py",
        "hashed_secret": "399c89b21056a46515b16cc157a429378d90e26f",
        "is_verified": false,
        "line_number": 52,
        "is_secret": false
      },
      {
        "type": "Hex High Entropy String",
        "filename": "sur-backend\\app\\providers\\tts\\syspin_manifest.py",
        "hashed_secret": "c49caabdd6dd9eaa71690ff6896ca8cc7fba60ed",
        "is_verified": false,
        "line_number": 53,
        "is_secret": false
      },
      {
        "type": "Hex High Entropy String",
        "filename": "sur-backend\\app\\providers\\tts\\syspin_manifest.py",
        "hashed_secret": "ea199d032df4837192a368e4235953224c0eed81",
        "is_verified": false,
        "line_number": 58,
        "is_secret": false
      },
      {
        "type": "Hex High Entropy String",
        "filename": "sur-backend\\app\\providers\\tts\\syspin_manifest.py",
        "hashed_secret": "495741f3490b48daff3e11f970f9f9102bf493ac",
        "is_verified": false,
        "line_number": 60,
        "is_secret": false
      },
      {
        "type": "Hex High Entropy String",
        "filename": "sur-backend\\app\\providers\\tts\\syspin_manifest.py",
        "hashed_secret": "5e476ee644b6f0ed14a2843b1cda22751f027a43",
        "is_verified": false,
        "line_number": 61,
        "is_secret": false
      },
      {
        "type": "Hex High Entropy String",
        "filename": "sur-backend\\app\\providers\\tts\\syspin_manifest.py",
        "hashed_secret": "158f47ea7d6c3cc0e70799ce7814f6b0b0422e51",
        "is_verified": false,
        "line_number": 66,
        "is_secret": false
      },
      {
        "type": "Hex High Entropy String",
        "filename": "sur-backend\\app\\providers\\tts\\syspin_manifest.py",
        "hashed_secret": "f4edf9445699943028ab939b3a8f09168c419c54",
        "is_verified": false,
        "line_number": 68,
        "is_secret": false
      },
      {
        "type": "Hex High Entropy String",
        "filename": "sur-backend\\app\\providers\\tts\\syspin_manifest.py",
        "hashed_secret": "d337233e06937f7fbc3321fc6c41113d45a4481a",
        "is_verified": false,
        "line_number": 69,
        "is_secret": false
      },
      {
        "type": "Hex High Entropy String",
        "filename": "sur-backend\\app\\providers\\tts\\syspin_manifest.py",
        "hashed_secret": "cda1fd24f862104fb262f3dfbb90eb370a6a02b5",
        "is_verified": false,
        "line_number": 74,
        "is_secret": false
      },
      {
        "type": "Hex High Entropy String",
        "filename": "sur-backend\\app\\providers\\tts\\syspin_manifest.py",
        "hashed_secret": "15f6551b199322648c3313fd3f32b2d6db127e06",
        "is_verified": false,
        "line_number": 76,
        "is_secret": false
      },
      {
        "type": "Hex High Entropy String",
        "filename": "sur-backend\\app\\providers\\tts\\syspin_manifest.py",
        "hashed_secret": "71d838965c696ae310f7266e902251d1ff0f5459",
        "is_verified": false,
        "line_number": 77,
        "is_secret": false
      },
      {
        "type": "Hex High Entropy String",
        "filename": "sur-backend\\app\\providers\\tts\\syspin_manifest.py",
        "hashed_secret": "e93e0db7c004ba728fdaa10def87dad20417320c",
        "is_verified": false,
        "line_number": 82,
        "is_secret": false
      },
      {
        "type": "Hex High Entropy String",
        "filename": "sur-backend\\app\\providers\\tts\\syspin_manifest.py",
        "hashed_secret": "503987aeaecbcde4102d226d0543092b2ff61f56",
        "is_verified": false,
        "line_number": 84,
        "is_secret": false
      },
      {
        "type": "Hex High Entropy String",
        "filename": "sur-backend\\app\\providers\\tts\\syspin_manifest.py",
        "hashed_secret": "12b2e50abcbd883b26be5c1ad2a489e662a5e195",
        "is_verified": false,
        "line_number": 85,
        "is_secret": false
      },
      {
        "type": "Hex High Entropy String",
        "filename": "sur-backend\\app\\providers\\tts\\syspin_manifest.py",
        "hashed_secret": "4abbb2ed1c2e2388c0e53f5e1de90ef1388a42fe",
        "is_verified": false,
        "line_number": 90,
        "is_secret": false
      },
      {
        "type": "Hex High Entropy String",
        "filename": "sur-backend\\app\\providers\\tts\\syspin_manifest.py",
        "hashed_secret": "80117c897a1c2f34f49a1c9e91fe2aaa894cbf21",
        "is_verified": false,
        "line_number": 92,
        "is_secret": false
      },
      {
        "type": "Hex High Entropy String",
        "filename": "sur-backend\\app\\providers\\tts\\syspin_manifest.py",
        "hashed_secret": "0a6e6f0d6f93038b659ec60c36dc9baac753bafa",
        "is_verified": false,
        "line_number": 93,
        "is_secret": false
      },
      {
        "type": "Hex High Entropy String",
        "filename": "sur-backend\\app\\providers\\tts\\syspin_manifest.py",
        "hashed_secret": "b57d7f658b6ae8c76a23e17130a698b6d5a8468c",
        "is_verified": false,
        "line_number": 98,
        "is_secret": false
      },
      {
        "type": "Hex High Entropy String",
        "filename": "sur-backend\\app\\providers\\tts\\syspin_manifest.py",
        "hashed_secret": "a72441d3a605103e53759e520c271ad71c214f14",
        "is_verified": false,
        "line_number": 100,
        "is_secret": false
      },
      {
        "type": "Hex High Entropy String",
        "filename": "sur-backend\\app\\providers\\tts\\syspin_manifest.py",
        "hashed_secret": "2d7c31124622d580c87ba1969864d5fdd49b49e9",
        "is_verified": false,
        "line_number": 101,
        "is_secret": false
      },
      {
        "type": "Hex High Entropy String",
        "filename": "sur-backend\\app\\providers\\tts\\syspin_manifest.py",
        "hashed_secret": "4bf715b2d80e7bb9003e41993848cf7e9a848d21",
        "is_verified": false,
        "line_number": 106,
        "is_secret": false
      },
      {
        "type": "Hex High Entropy String",
        "filename": "sur-backend\\app\\providers\\tts\\syspin_manifest.py",
        "hashed_secret": "24217ac3e57b6a8751dc0e71fe3aa4f0e009c3b5",
        "is_verified": false,
        "line_number": 108,
        "is_secret": false
      },
      {
        "type": "Hex High Entropy String",
        "filename": "sur-backend\\app\\providers\\tts\\syspin_manifest.py",
        "hashed_secret": "a1d737c21eb4e03eb9a0a4861150042b1f081027",
        "is_verified": false,
        "line_number": 109,
        "is_secret": false
      },
      {
        "type": "Hex High Entropy String",
        "filename": "sur-backend\\app\\providers\\tts\\syspin_manifest.py",
        "hashed_secret": "24c30865355110558a75a1b58d7c7d8cc13075c5",
        "is_verified": false,
        "line_number": 114,
        "is_secret": false
      },
      {
        "type": "Hex High Entropy String",
        "filename": "sur-backend\\app\\providers\\tts\\syspin_manifest.py",
        "hashed_secret": "950ad2b7aa0d1cebe712e9e79a6f8676b4c560b7",
        "is_verified": false,
        "line_number": 116,
        "is_secret": false
      },
      {
        "type": "Hex High Entropy String",
        "filename": "sur-backend\\app\\providers\\tts\\syspin_manifest.py",
        "hashed_secret": "3d42117ae6bc41527325e36dadc8ef8fad9c4e4b",
        "is_verified": false,
        "line_number": 117,
        "is_secret": false
      }
    ],
    "sur-backend\\app\\tts_runtime\\pins\\flan_t5_large_tokenizer.json": [
      {
        "type": "Hex High Entropy String",
        "filename": "sur-backend\\app\\tts_runtime\\pins\\flan_t5_large_tokenizer.json",
        "hashed_secret": "30e666a241a4643807cdaeb21a39383f8111d727",
        "is_verified": false,
        "line_number": 4,
        "is_secret": false
      },
      {
        "type": "Hex High Entropy String",
        "filename": "sur-backend\\app\\tts_runtime\\pins\\flan_t5_large_tokenizer.json",
        "hashed_secret": "d17c3941bba3433363dacb7d57be82e1cb26b257",
        "is_verified": false,
        "line_number": 11,
        "is_secret": false
      },
      {
        "type": "Hex High Entropy String",
        "filename": "sur-backend\\app\\tts_runtime\\pins\\flan_t5_large_tokenizer.json",
        "hashed_secret": "c28e18f660fcdb6ff6aa8afad0ddd8d8a32b4ff8",
        "is_verified": false,
        "line_number": 17,
        "is_secret": false
      },
      {
        "type": "Hex High Entropy String",
        "filename": "sur-backend\\app\\tts_runtime\\pins\\flan_t5_large_tokenizer.json",
        "hashed_secret": "a425152cb63915ba7dce237fdbdf218403bd1036",
        "is_verified": false,
        "line_number": 23,
        "is_secret": false
      },
      {
        "type": "Hex High Entropy String",
        "filename": "sur-backend\\app\\tts_runtime\\pins\\flan_t5_large_tokenizer.json",
        "hashed_secret": "b27889b9d27b6802b87e77dfb08f500c0387eb9b",
        "is_verified": false,
        "line_number": 29,
        "is_secret": false
      },
      {
        "type": "Hex High Entropy String",
        "filename": "sur-backend\\app\\tts_runtime\\pins\\flan_t5_large_tokenizer.json",
        "hashed_secret": "1b5321d1fd4e0c6c2c27463ee38756552a1a6ba9",
        "is_verified": false,
        "line_number": 35,
        "is_secret": false
      }
    ],
    "sur-backend\\app\\tts_runtime\\pins\\indic_parler.json": [
      {
        "type": "Hex High Entropy String",
        "filename": "sur-backend\\app\\tts_runtime\\pins\\indic_parler.json",
        "hashed_secret": "9ca99cdba7c8de422eed0b07b51bca77ecd4c28a",
        "is_verified": false,
        "line_number": 4,
        "is_secret": false
      },
      {
        "type": "Hex High Entropy String",
        "filename": "sur-backend\\app\\tts_runtime\\pins\\indic_parler.json",
        "hashed_secret": "dd55a59be8c209fd6ea6c589715fa51a59d50d7b",
        "is_verified": false,
        "line_number": 11,
        "is_secret": false
      },
      {
        "type": "Hex High Entropy String",
        "filename": "sur-backend\\app\\tts_runtime\\pins\\indic_parler.json",
        "hashed_secret": "823dc2ac87d589f177a35cb30f6603e2e465facd",
        "is_verified": false,
        "line_number": 17,
        "is_secret": false
      },
      {
        "type": "Hex High Entropy String",
        "filename": "sur-backend\\app\\tts_runtime\\pins\\indic_parler.json",
        "hashed_secret": "a29e5247a5f9ba83b0733df05951025db0569d5b",
        "is_verified": false,
        "line_number": 23,
        "is_secret": false
      },
      {
        "type": "Hex High Entropy String",
        "filename": "sur-backend\\app\\tts_runtime\\pins\\indic_parler.json",
        "hashed_secret": "fd98818f70c8b9bf5cdf8951ac5806585e4b8dc8",
        "is_verified": false,
        "line_number": 29,
        "is_secret": false
      },
      {
        "type": "Hex High Entropy String",
        "filename": "sur-backend\\app\\tts_runtime\\pins\\indic_parler.json",
        "hashed_secret": "c4fb9ec8299f22e9774670e0d5d3fe206b47324a",
        "is_verified": false,
        "line_number": 35,
        "is_secret": false
      },
      {
        "type": "Hex High Entropy String",
        "filename": "sur-backend\\app\\tts_runtime\\pins\\indic_parler.json",
        "hashed_secret": "dc79a10ba83e68ff97fca40faef95ae0885b9895",
        "is_verified": false,
        "line_number": 41,
        "is_secret": false
      },
      {
        "type": "Hex High Entropy String",
        "filename": "sur-backend\\app\\tts_runtime\\pins\\indic_parler.json",
        "hashed_secret": "3644e78381819fb01255c7cbeaf280daa9ef9edd",
        "is_verified": false,
        "line_number": 47,
        "is_secret": false
      },
      {
        "type": "Hex High Entropy String",
        "filename": "sur-backend\\app\\tts_runtime\\pins\\indic_parler.json",
        "hashed_secret": "1721eb8329756e29267b1e9a1e37ffa222fd9582",
        "is_verified": false,
        "line_number": 53,
        "is_secret": false
      }
    ],
    "sur-backend\\app\\tts_runtime\\pins\\indicf5.json": [
      {
        "type": "Hex High Entropy String",
        "filename": "sur-backend\\app\\tts_runtime\\pins\\indicf5.json",
        "hashed_secret": "54775ba9518e47537ae0f2cf61ed07a770131d7f",
        "is_verified": false,
        "line_number": 4,
        "is_secret": false
      },
      {
        "type": "Hex High Entropy String",
        "filename": "sur-backend\\app\\tts_runtime\\pins\\indicf5.json",
        "hashed_secret": "8f5e7648c0aa6b0cdd1bd01477aff5fd98515ae2",
        "is_verified": false,
        "line_number": 11,
        "is_secret": false
      },
      {
        "type": "Hex High Entropy String",
        "filename": "sur-backend\\app\\tts_runtime\\pins\\indicf5.json",
        "hashed_secret": "bf3a2fd70d95ec7bef30e29b8ca74f97858c17be",
        "is_verified": false,
        "line_number": 17,
        "is_secret": false
      },
      {
        "type": "Hex High Entropy String",
        "filename": "sur-backend\\app\\tts_runtime\\pins\\indicf5.json",
        "hashed_secret": "24648fea67636cf188e9fecb5de9c87fa4cba0f2",
        "is_verified": false,
        "line_number": 23,
        "is_secret": false
      },
      {
        "type": "Hex High Entropy String",
        "filename": "sur-backend\\app\\tts_runtime\\pins\\indicf5.json",
        "hashed_secret": "da30774871fbaac9bdcaa427a934a3878722d153",
        "is_verified": false,
        "line_number": 29,
        "is_secret": false
      },
      {
        "type": "Hex High Entropy String",
        "filename": "sur-backend\\app\\tts_runtime\\pins\\indicf5.json",
        "hashed_secret": "b03f3873b111125b1f5b4a3daebed08cdf26d494",
        "is_verified": false,
        "line_number": 35,
        "is_secret": false
      },
      {
        "type": "Hex High Entropy String",
        "filename": "sur-backend\\app\\tts_runtime\\pins\\indicf5.json",
        "hashed_secret": "88d6308efcd10cf7e6e734ef8c37f635630bd999",
        "is_verified": false,
        "line_number": 41,
        "is_secret": false
      }
    ],
    "sur-backend\\app\\tts_runtime\\pins\\parler_tiny.json": [
      {
        "type": "Hex High Entropy String",
        "filename": "sur-backend\\app\\tts_runtime\\pins\\parler_tiny.json",
        "hashed_secret": "1bcd4ac691cbcaace5c4ddeefab5e269fd02a76d",
        "is_verified": false,
        "line_number": 4,
        "is_secret": false
      },
      {
        "type": "Hex High Entropy String",
        "filename": "sur-backend\\app\\tts_runtime\\pins\\parler_tiny.json",
        "hashed_secret": "ef384a129ed86720a7a5c08d5cf090a9f85696c4",
        "is_verified": false,
        "line_number": 11,
        "is_secret": false
      },
      {
        "type": "Hex High Entropy String",
        "filename": "sur-backend\\app\\tts_runtime\\pins\\parler_tiny.json",
        "hashed_secret": "a7ba2bec9a65043a33e7619f5c87677923c08ef7",
        "is_verified": false,
        "line_number": 17,
        "is_secret": false
      },
      {
        "type": "Hex High Entropy String",
        "filename": "sur-backend\\app\\tts_runtime\\pins\\parler_tiny.json",
        "hashed_secret": "9a5a500044724a6e3ff1b63f609ae32bf4e2d36f",
        "is_verified": false,
        "line_number": 23,
        "is_secret": false
      },
      {
        "type": "Hex High Entropy String",
        "filename": "sur-backend\\app\\tts_runtime\\pins\\parler_tiny.json",
        "hashed_secret": "cd12fc855c9f7107547eee717126387f81da320c",
        "is_verified": false,
        "line_number": 29,
        "is_secret": false
      },
      {
        "type": "Hex High Entropy String",
        "filename": "sur-backend\\app\\tts_runtime\\pins\\parler_tiny.json",
        "hashed_secret": "e6c1690beba511270da1c4b933e90bc39ad352dc",
        "is_verified": false,
        "line_number": 35,
        "is_secret": false
      },
      {
        "type": "Hex High Entropy String",
        "filename": "sur-backend\\app\\tts_runtime\\pins\\parler_tiny.json",
        "hashed_secret": "a425152cb63915ba7dce237fdbdf218403bd1036",
        "is_verified": false,
        "line_number": 41,
        "is_secret": false
      },
      {
        "type": "Hex High Entropy String",
        "filename": "sur-backend\\app\\tts_runtime\\pins\\parler_tiny.json",
        "hashed_secret": "1e087898a5bcb9f0c86cb8fddc2a13f9db2313d6",
        "is_verified": false,
        "line_number": 47,
        "is_secret": false
      },
      {
        "type": "Hex High Entropy String",
        "filename": "sur-backend\\app\\tts_runtime\\pins\\parler_tiny.json",
        "hashed_secret": "4cf6c8e241e7f581f6021ddb1945a3d931de1d75",
        "is_verified": false,
        "line_number": 53,
        "is_secret": false
      }
    ],
    "sur-backend\\app\\tts_runtime\\pins\\vocos.json": [
      {
        "type": "Hex High Entropy String",
        "filename": "sur-backend\\app\\tts_runtime\\pins\\vocos.json",
        "hashed_secret": "bda8265fcfb7750c19c7359358cada0826e11c53",
        "is_verified": false,
        "line_number": 4,
        "is_secret": false
      },
      {
        "type": "Hex High Entropy String",
        "filename": "sur-backend\\app\\tts_runtime\\pins\\vocos.json",
        "hashed_secret": "fe7d5153f3432ca7f96f2100dc52906aeab5c3b8",
        "is_verified": false,
        "line_number": 11,
        "is_secret": false
      },
      {
        "type": "Hex High Entropy String",
        "filename": "sur-backend\\app\\tts_runtime\\pins\\vocos.json",
        "hashed_secret": "fcc57d1e9b9983485fc3362da6fb6b61ca3ccc84",
        "is_verified": false,
        "line_number": 17,
        "is_secret": false
      }
    ],
    "sur-backend\\app\\tts_runtime\\provision.py": [
      {
        "type": "Hex High Entropy String",
        "filename": "sur-backend\\app\\tts_runtime\\provision.py",
        "hashed_secret": "56157d7d62308630531d75b6cbe628d4a347ec55",
        "is_verified": false,
        "line_number": 36,
        "is_secret": false
      },
      {
        "type": "Hex High Entropy String",
        "filename": "sur-backend\\app\\tts_runtime\\provision.py",
        "hashed_secret": "934e5f8091ebefc6109bf8bc7ad41dce5c4ba4b8",
        "is_verified": false,
        "line_number": 37,
        "is_secret": false
      },
      {
        "type": "Hex High Entropy String",
        "filename": "sur-backend\\app\\tts_runtime\\provision.py",
        "hashed_secret": "04ed33d372cca6a92427ad225231b1b0af541f2f",
        "is_verified": false,
        "line_number": 38,
        "is_secret": false
      },
      {
        "type": "Hex High Entropy String",
        "filename": "sur-backend\\app\\tts_runtime\\provision.py",
        "hashed_secret": "e68b7c47017f5a42d74eaa29e06e57e17c253a73",
        "is_verified": false,
        "line_number": 39,
        "is_secret": false
      },
      {
        "type": "Hex High Entropy String",
        "filename": "sur-backend\\app\\tts_runtime\\provision.py",
        "hashed_secret": "45d7f4fa2f93c9aa9049674ac11328cdd7af1591",
        "is_verified": false,
        "line_number": 40,
        "is_secret": false
      }
    ],
    "sur-backend\\docker-compose.test.yml": [
      {
        "type": "Secret Keyword",
        "filename": "sur-backend\\docker-compose.test.yml",
        "hashed_secret": "a94a8fe5ccb19ba61c4c0873d391e987982fbbd3",
        "is_verified": false,
        "line_number": 18
      }
    ],
    "sur-backend\\docker-compose.yml": [
      {
        "type": "Basic Auth Credentials",
        "filename": "sur-backend\\docker-compose.yml",
        "hashed_secret": "3d54fd66df56b29b98f5b3fb74890e24318f663d",
        "is_verified": false,
        "line_number": 9
      },
      {
        "type": "Secret Keyword",
        "filename": "sur-backend\\docker-compose.yml",
        "hashed_secret": "fa8d3893b8de7352de8f3c6c73bc2a7a58e6788d",
        "is_verified": false,
        "line_number": 17
      },
      {
        "type": "Secret Keyword",
        "filename": "sur-backend\\docker-compose.yml",
        "hashed_secret": "3d54fd66df56b29b98f5b3fb74890e24318f663d",
        "is_verified": false,
        "line_number": 25
      }
    ],
    "sur-backend\\scripts\\mutate_tts_runtime.py": [
      {
        "type": "Basic Auth Credentials",
        "filename": "sur-backend\\scripts\\mutate_tts_runtime.py",
        "hashed_secret": "a94a8fe5ccb19ba61c4c0873d391e987982fbbd3",
        "is_verified": false,
        "line_number": 181,
        "is_secret": false
      }
    ],
    "sur-backend\\tests\\conftest.py": [
      {
        "type": "Basic Auth Credentials",
        "filename": "sur-backend\\tests\\conftest.py",
        "hashed_secret": "a94a8fe5ccb19ba61c4c0873d391e987982fbbd3",
        "is_verified": false,
        "line_number": 38
      }
    ],
    "sur-backend\\tests\\test_auth.py": [
      {
        "type": "Secret Keyword",
        "filename": "sur-backend\\tests\\test_auth.py",
        "hashed_secret": "0e4cecb0f76c0600f8fc5995fa087260ba91640b",
        "is_verified": false,
        "line_number": 22
      }
    ]
  },
  "generated_at": "2026-09-23T15:51:18Z"
}
