{
  "version": "1.5.0",
  "plugins_used": [
    {
      "name": "ArtifactoryDetector"
    },
    {
      "name": "AWSKeyDetector"
    },
    {
      "name": "AzureStorageKeyDetector"
    },
    {
      "name": "Base64HighEntropyString",
      "limit": 4.5
    },
    {
      "name": "BasicAuthDetector"
    },
    {
      "name": "CloudantDetector"
    },
    {
      "name": "DiscordBotTokenDetector"
    },
    {
      "name": "GitHubTokenDetector"
    },
    {
      "name": "GitLabTokenDetector"
    },
    {
      "name": "HexHighEntropyString",
      "limit": 3.0
    },
    {
      "name": "IbmCloudIamDetector"
    },
    {
      "name": "IbmCosHmacDetector"
    },
    {
      "name": "IPPublicDetector"
    },
    {
      "name": "JwtTokenDetector"
    },
    {
      "name": "KeywordDetector",
      "keyword_exclude": ""
    },
    {
      "name": "MailchimpDetector"
    },
    {
      "name": "NpmDetector"
    },
    {
      "name": "OpenAIDetector"
    },
    {
      "name": "PrivateKeyDetector"
    },
    {
      "name": "PypiTokenDetector"
    },
    {
      "name": "SendGridDetector"
    },
    {
      "name": "SlackDetector"
    },
    {
      "name": "SoftlayerDetector"
    },
    {
      "name": "SquareOAuthDetector"
    },
    {
      "name": "StripeDetector"
    },
    {
      "name": "TelegramBotTokenDetector"
    },
    {
      "name": "TwilioKeyDetector"
    }
  ],
  "filters_used": [
    {
      "path": "detect_secrets.filters.allowlist.is_line_allowlisted"
    },
    {
      "path": "detect_secrets.filters.common.is_baseline_file",
      "filename": ".secrets.baseline"
    },
    {
      "path": "detect_secrets.filters.common.is_ignored_due_to_verification_policies",
      "min_level": 2
    },
    {
      "path": "detect_secrets.filters.heuristic.is_indirect_reference"
    },
    {
      "path": "detect_secrets.filters.heuristic.is_likely_id_string"
    },
    {
      "path": "detect_secrets.filters.heuristic.is_lock_file"
    },
    {
      "path": "detect_secrets.filters.heuristic.is_not_alphanumeric_string"
    },
    {
      "path": "detect_secrets.filters.heuristic.is_potential_uuid"
    },
    {
      "path": "detect_secrets.filters.heuristic.is_prefixed_with_dollar_sign"
    },
    {
      "path": "detect_secrets.filters.heuristic.is_sequential_string"
    },
    {
      "path": "detect_secrets.filters.heuristic.is_swagger_file"
    },
    {
      "path": "detect_secrets.filters.heuristic.is_templated_secret"
    },
    {
      "path": "detect_secrets.filters.regex.should_exclude_file",
      "pattern": [
        ".*package-lock\\.json|.*pnpm-lock\\.yaml|.*\\.png|.*\\.jpg|.*\\.mp4|.*\\.wav"
      ]
    }
  ],
  "results": {
    ".github\\workflows\\ci.yml": [
      {
        "type": "Secret Keyword",
        "filename": ".github\\workflows\\ci.yml",
        "hashed_secret": "a94a8fe5ccb19ba61c4c0873d391e987982fbbd3",
        "is_verified": false,
        "line_number": 43
      },
      {
        "type": "Basic Auth Credentials",
        "filename": ".github\\workflows\\ci.yml",
        "hashed_secret": "a94a8fe5ccb19ba61c4c0873d391e987982fbbd3",
        "is_verified": false,
        "line_number": 54
      }
    ],
    "sur-backend\\.env.example": [
      {
        "type": "Basic Auth Credentials",
        "filename": "sur-backend\\.env.example",
        "hashed_secret": "3d54fd66df56b29b98f5b3fb74890e24318f663d",
        "is_verified": false,
        "line_number": 13
      }
    ],
    "sur-backend\\alembic.ini": [
      {
        "type": "Basic Auth Credentials",
        "filename": "sur-backend\\alembic.ini",
        "hashed_secret": "9d4e1e23bd5b727046a9e3b4b7db57bd8d6ee684",
        "is_verified": false,
        "line_number": 5
      }
    ],
    "sur-backend\\app\\config.py": [
      {
        "type": "Basic Auth Credentials",
        "filename": "sur-backend\\app\\config.py",
        "hashed_secret": "3d54fd66df56b29b98f5b3fb74890e24318f663d",
        "is_verified": false,
        "line_number": 52
      }
    ],
    "sur-backend\\app\\providers\\tts\\syspin_manifest.py": [
      {
        "type": "Hex High Entropy String",
        "filename": "sur-backend\\app\\providers\\tts\\syspin_manifest.py",
        "hashed_secret": "87e76f80fbd1763f4311bf8e9946d12dc62fb37e",
        "is_verified": false,
        "line_number": 31,
        "is_secret": false
      },
      {
        "type": "Hex High Entropy String",
        "filename": "sur-backend\\app\\providers\\tts\\syspin_manifest.py",
        "hashed_secret": "985446b9554f19bd7b73d052e2eaefae967d8ae7",
        "is_verified": false,
        "line_number": 42,
        "is_secret": false
      },
      {
        "type": "Hex High Entropy String",
        "filename": "sur-backend\\app\\providers\\tts\\syspin_manifest.py",
        "hashed_secret": "99ff09ea0229ae9d379ec73be190243e8d1dd521",
        "is_verified": false,
        "line_number": 44,
        "is_secret": false
      },
      {
        "type": "Hex High Entropy String",
        "filename": "sur-backend\\app\\providers\\tts\\syspin_manifest.py",
        "hashed_secret": "3ee7e21c2933bacac9a883f1ce59a8a7fe576b93",
        "is_verified": false,
        "line_number": 45,
        "is_secret": false
      },
      {
        "type": "Hex High Entropy String",
        "filename": "sur-backend\\app\\providers\\tts\\syspin_manifest.py",
        "hashed_secret": "3783d81dfe5a3f5f6bbc42709362fc9f86df31b2",
        "is_verified": false,
        "line_number": 50,
        "is_secret": false
      },
      {
        "type": "Hex High Entropy String",
        "filename": "sur-backend\\app\\providers\\tts\\syspin_manifest.py",
        "hashed_secret": "399c89b21056a46515b16cc157a429378d90e26f",
        "is_verified": false,
        "line_number": 52,
        "is_secret": false
      },
      {
        "type": "Hex High Entropy String",
        "filename": "sur-backend\\app\\providers\\tts\\syspin_manifest.py",
        "hashed_secret": "c49caabdd6dd9eaa71690ff6896ca8cc7fba60ed",
        "is_verified": false,
        "line_number": 53,
        "is_secret": false
      },
      {
        "type": "Hex High Entropy String",
        "filename": "sur-backend\\app\\providers\\tts\\syspin_manifest.py",
        "hashed_secret": "ea199d032df4837192a368e4235953224c0eed81",
        "is_verified": false,
        "line_number": 58,
        "is_secret": false
      },
      {
        "type": "Hex High Entropy String",
        "filename": "sur-backend\\app\\providers\\tts\\syspin_manifest.py",
        "hashed_secret": "495741f3490b48daff3e11f970f9f9102bf493ac",
        "is_verified": false,
        "line_number": 60,
        "is_secret": false
      },
      {
        "type": "Hex High Entropy String",
        "filename": "sur-backend\\app\\providers\\tts\\syspin_manifest.py",
        "hashed_secret": "5e476ee644b6f0ed14a2843b1cda22751f027a43",
        "is_verified": false,
        "line_number": 61,
        "is_secret": false
      },
      {
        "type": "Hex High Entropy String",
        "filename": "sur-backend\\app\\providers\\tts\\syspin_manifest.py",
        "hashed_secret": "158f47ea7d6c3cc0e70799ce7814f6b0b0422e51",
        "is_verified": false,
        "line_number": 66,
        "is_secret": false
      },
      {
        "type": "Hex High Entropy String",
        "filename": "sur-backend\\app\\providers\\tts\\syspin_manifest.py",
        "hashed_secret": "f4edf9445699943028ab939b3a8f09168c419c54",
        "is_verified": false,
        "line_number": 68,
        "is_secret": false
      },
      {
        "type": "Hex High Entropy String",
        "filename": "sur-backend\\app\\providers\\tts\\syspin_manifest.py",
        "hashed_secret": "d337233e06937f7fbc3321fc6c41113d45a4481a",
        "is_verified": false,
        "line_number": 69,
        "is_secret": false
      },
      {
        "type": "Hex High Entropy String",
        "filename": "sur-backend\\app\\providers\\tts\\syspin_manifest.py",
        "hashed_secret": "cda1fd24f862104fb262f3dfbb90eb370a6a02b5",
        "is_verified": false,
        "line_number": 74,
        "is_secret": false
      },
      {
        "type": "Hex High Entropy String",
        "filename": "sur-backend\\app\\providers\\tts\\syspin_manifest.py",
        "hashed_secret": "15f6551b199322648c3313fd3f32b2d6db127e06",
        "is_verified": false,
        "line_number": 76,
        "is_secret": false
      },
      {
        "type": "Hex High Entropy String",
        "filename": "sur-backend\\app\\providers\\tts\\syspin_manifest.py",
        "hashed_secret": "71d838965c696ae310f7266e902251d1ff0f5459",
        "is_verified": false,
        "line_number": 77,
        "is_secret": false
      },
      {
        "type": "Hex High Entropy String",
        "filename": "sur-backend\\app\\providers\\tts\\syspin_manifest.py",
        "hashed_secret": "e93e0db7c004ba728fdaa10def87dad20417320c",
        "is_verified": false,
        "line_number": 82,
        "is_secret": false
      },
      {
        "type": "Hex High Entropy String",
        "filename": "sur-backend\\app\\providers\\tts\\syspin_manifest.py",
        "hashed_secret": "503987aeaecbcde4102d226d0543092b2ff61f56",
        "is_verified": false,
        "line_number": 84,
        "is_secret": false
      },
      {
        "type": "Hex High Entropy String",
        "filename": "sur-backend\\app\\providers\\tts\\syspin_manifest.py",
        "hashed_secret": "12b2e50abcbd883b26be5c1ad2a489e662a5e195",
        "is_verified": false,
        "line_number": 85,
        "is_secret": false
      },
      {
        "type": "Hex High Entropy String",
        "filename": "sur-backend\\app\\providers\\tts\\syspin_manifest.py",
        "hashed_secret": "4abbb2ed1c2e2388c0e53f5e1de90ef1388a42fe",
        "is_verified": false,
        "line_number": 90,
        "is_secret": false
      },
      {
        "type": "Hex High Entropy String",
        "filename": "sur-backend\\app\\providers\\tts\\syspin_manifest.py",
        "hashed_secret": "80117c897a1c2f34f49a1c9e91fe2aaa894cbf21",
        "is_verified": false,
        "line_number": 92,
        "is_secret": false
      },
      {
        "type": "Hex High Entropy String",
        "filename": "sur-backend\\app\\providers\\tts\\syspin_manifest.py",
        "hashed_secret": "0a6e6f0d6f93038b659ec60c36dc9baac753bafa",
        "is_verified": false,
        "line_number": 93,
        "is_secret": false
      },
      {
        "type": "Hex High Entropy String",
        "filename": "sur-backend\\app\\providers\\tts\\syspin_manifest.py",
        "hashed_secret": "b57d7f658b6ae8c76a23e17130a698b6d5a8468c",
        "is_verified": false,
        "line_number": 98,
        "is_secret": false
      },
      {
        "type": "Hex High Entropy String",
        "filename": "sur-backend\\app\\providers\\tts\\syspin_manifest.py",
        "hashed_secret": "a72441d3a605103e53759e520c271ad71c214f14",
        "is_verified": false,
        "line_number": 100,
        "is_secret": false
      },
      {
        "type": "Hex High Entropy String",
        "filename": "sur-backend\\app\\providers\\tts\\syspin_manifest.py",
        "hashed_secret": "2d7c31124622d580c87ba1969864d5fdd49b49e9",
        "is_verified": false,
        "line_number": 101,
        "is_secret": false
      },
      {
        "type": "Hex High Entropy String",
        "filename": "sur-backend\\app\\providers\\tts\\syspin_manifest.py",
        "hashed_secret": "4bf715b2d80e7bb9003e41993848cf7e9a848d21",
        "is_verified": false,
        "line_number": 106,
        "is_secret": false
      },
      {
        "type": "Hex High Entropy String",
        "filename": "sur-backend\\app\\providers\\tts\\syspin_manifest.py",
        "hashed_secret": "24217ac3e57b6a8751dc0e71fe3aa4f0e009c3b5",
        "is_verified": false,
        "line_number": 108,
        "is_secret": false
      },
      {
        "type": "Hex High Entropy String",
        "filename": "sur-backend\\app\\providers\\tts\\syspin_manifest.py",
        "hashed_secret": "a1d737c21eb4e03eb9a0a4861150042b1f081027",
        "is_verified": false,
        "line_number": 109,
        "is_secret": false
      },
      {
        "type": "Hex High Entropy String",
        "filename": "sur-backend\\app\\providers\\tts\\syspin_manifest.py",
        "hashed_secret": "24c30865355110558a75a1b58d7c7d8cc13075c5",
        "is_verified": false,
        "line_number": 114,
        "is_secret": false
      },
      {
        "type": "Hex High Entropy String",
        "filename": "sur-backend\\app\\providers\\tts\\syspin_manifest.py",
        "hashed_secret": "950ad2b7aa0d1cebe712e9e79a6f8676b4c560b7",
        "is_verified": false,
        "line_number": 116,
        "is_secret": false
      },
      {
        "type": "Hex High Entropy String",
        "filename": "sur-backend\\app\\providers\\tts\\syspin_manifest.py",
        "hashed_secret": "3d42117ae6bc41527325e36dadc8ef8fad9c4e4b",
        "is_verified": false,
        "line_number": 117,
        "is_secret": false
      }
    ],
    "sur-backend\\docker-compose.test.yml": [
      {
        "type": "Secret Keyword",
        "filename": "sur-backend\\docker-compose.test.yml",
        "hashed_secret": "a94a8fe5ccb19ba61c4c0873d391e987982fbbd3",
        "is_verified": false,
        "line_number": 18
      }
    ],
    "sur-backend\\docker-compose.yml": [
      {
        "type": "Basic Auth Credentials",
        "filename": "sur-backend\\docker-compose.yml",
        "hashed_secret": "3d54fd66df56b29b98f5b3fb74890e24318f663d",
        "is_verified": false,
        "line_number": 9
      },
      {
        "type": "Secret Keyword",
        "filename": "sur-backend\\docker-compose.yml",
        "hashed_secret": "fa8d3893b8de7352de8f3c6c73bc2a7a58e6788d",
        "is_verified": false,
        "line_number": 17
      },
      {
        "type": "Secret Keyword",
        "filename": "sur-backend\\docker-compose.yml",
        "hashed_secret": "3d54fd66df56b29b98f5b3fb74890e24318f663d",
        "is_verified": false,
        "line_number": 25
      }
    ],
    "sur-backend\\tests\\conftest.py": [
      {
        "type": "Basic Auth Credentials",
        "filename": "sur-backend\\tests\\conftest.py",
        "hashed_secret": "a94a8fe5ccb19ba61c4c0873d391e987982fbbd3",
        "is_verified": false,
        "line_number": 38
      }
    ],
    "sur-backend\\tests\\test_auth.py": [
      {
        "type": "Secret Keyword",
        "filename": "sur-backend\\tests\\test_auth.py",
        "hashed_secret": "0e4cecb0f76c0600f8fc5995fa087260ba91640b",
        "is_verified": false,
        "line_number": 22
      }
    ]
  },
  "generated_at": "2026-09-12T20:38:18Z"
}
